{
    "Paired-Reads": {
        "content": [
            [
                "versions.yml:md5,14413a048f088a147fb04f3d59c6c604"
            ],
            [
                "R1",
                "90fd3bc516b1c2b84d41fdfda2312590"
            ],
            [
                "R2",
                "ccf73b40cb0cc8fbe5a90b35d064735c"
            ]
        ],
        "meta": {
            "nf-test": "0.9.0",
            "nextflow": "24.10.3"
        },
        "timestamp": "2025-01-23T10:11:13.090106"
    }
}